// Jest Snapshot v1, https://goo.gl/fbAQLP

exports[`matches home component snapshot 1`] = `
<div
  className="pt-4 mt-4 pt-sd-2 mt-sd-2"
>
  <h1
    className="pt-md-5 mt-md-5"
  >
    My Favorites
  </h1>
  <ul
    className="list-group"
  />
</div>
`;
