// Jest Snapshot v1, https://goo.gl/fbAQLP

exports[`Home component should render Home component correctly 1`] = `
<div
  className="App"
>
  <Routing />
</div>
`;
